// Jest Snapshot v1, https://goo.gl/fbAQLP

exports[`<PokemonCard /> should render the heading 1`] = `
<main>
  <h1>
    React Avan√ßado
  </h1>
</main>
`;
